// Jest Snapshot v1, https://jestjs.io/docs/snapshot-testing

exports[`<App/> renders correctly (snapshot) 1`] = `
<div>
  <div>
    <h1>
      Todo List
    </h1>
    <form>
      <input
        placeholder="Add a new todo"
        value=""
      />
      <button
        type="submit"
      >
        Add Todo
      </button>
    </form>
    <ul>
      <li
        class="sc-bRKDuR kPCVXD"
      >
        Test Todo
        <button>
          Delete
        </button>
      </li>
      <li
        class="sc-bRKDuR ibaPth"
      >
        Another Todo
        <button>
          Delete
        </button>
      </li>
    </ul>
  </div>
</div>
`;
